cert thumb 0: 5d82568f10ff71241bdf52421c3891f5c23f3834
